{0: {-2: 700, -1: 0, -3: 1}, 1: {-2: 800, -1: 1, -3: 2}, 2: {-2: 1200, -1: 3, -3: 3}, -5: [0, 1, 2], -4: 3}
{0: {-2: 700, -1: 0, -3: 1}, 1: {-2: 800, -1: 1, -3: 2}, 2: {-2: 1200, -1: 3, -3: 3}, 3: {-2: 10000, -1: 4, -3: 4}, -5: [0, 1, 2, 3], -4: 4}
